// Jest Snapshot v1, https://goo.gl/fbAQLP

exports[`Handle Transformation handle empty options 1`] = `
Array [
  Object {
    "display": <div
      className="hierarchyOption"
    >
      <span
        style={
          Object {
            "color": "grey",
          }
        }
      >
        company1
      </span>
    </div>,
    "haveChildren": false,
    "hierarchy": Object {
      "undefined": undefined,
    },
    "label": "company1",
    "name": "company1",
    "options": Array [],
    "path": Array [
      "company1",
    ],
  },
]
`;

exports[`Handle Transformation properly transform nested option 1`] = `
Array [
  Object {
    "display": <div
      className="hierarchyOption"
    >
      <span
        style={
          Object {
            "color": "grey",
          }
        }
      >
        Cecy's Towing Company
      </span>
    </div>,
    "expiresOn": "04/15/2018",
    "haveChildren": true,
    "hierarchy": Object {
      "0": undefined,
    },
    "label": "Cecy's Towing Company",
    "level": 0,
    "name": "company1",
    "options": Array [
      Object {
        "label": "Cecy's Group",
        "level": 1,
        "name": "group1",
        "options": Array [
          Object {
            "hasPcard": true,
            "isDispatchable": true,
            "label": "Manuel R Cero fgfg jhjh kjkj hjhj hjh jhjhj jh jh jhj j j hj jh jh j hj hj j jh jh jh j hj4",
            "level": 2,
            "name": "driver1",
          },
          Object {
            "label": "Driver 2",
            "level": 2,
            "name": "driver2",
          },
          Object {
            "hasPcard": true,
            "label": "Driver 3",
            "level": 2,
            "name": "driver2",
          },
        ],
      },
      Object {
        "isDisabled": true,
        "label": "Cecy's Group2",
        "level": 1,
        "name": "group2",
        "options": Array [
          Object {
            "label": "Marc Jacobs",
            "level": 2,
            "name": "driver1",
          },
        ],
      },
    ],
    "path": Array [
      "Cecy's Towing Company",
    ],
  },
  Object {
    "display": <div
      className="hierarchyOption"
    >
      <span
        style={
          Object {
            "color": "grey",
          }
        }
      >
        Cecy's Group
      </span>
    </div>,
    "haveChildren": true,
    "hierarchy": Object {
      "0": undefined,
      "1": undefined,
    },
    "label": "Cecy's Group",
    "level": 1,
    "name": "group1",
    "options": Array [
      Object {
        "hasPcard": true,
        "isDispatchable": true,
        "label": "Manuel R Cero fgfg jhjh kjkj hjhj hjh jhjhj jh jh jhj j j hj jh jh j hj hj j jh jh jh j hj4",
        "level": 2,
        "name": "driver1",
      },
      Object {
        "label": "Driver 2",
        "level": 2,
        "name": "driver2",
      },
      Object {
        "hasPcard": true,
        "label": "Driver 3",
        "level": 2,
        "name": "driver2",
      },
    ],
    "path": Array [
      "Cecy's Towing Company",
      "Cecy's Group",
    ],
  },
  Object {
    "display": <div
      className="hierarchyOption"
    >
      <span
        style={
          Object {
            "color": "grey",
          }
        }
      >
        Manuel R Cero fgfg jhjh kjkj hjhj hjh jhjhj jh jh jhj j j hj jh jh j hj hj j jh jh jh j hj4
      </span>
    </div>,
    "hasPcard": true,
    "haveChildren": false,
    "hierarchy": Object {
      "0": undefined,
      "1": undefined,
      "2": undefined,
    },
    "isDispatchable": true,
    "label": "Manuel R Cero fgfg jhjh kjkj hjhj hjh jhjhj jh jh jhj j j hj jh jh j hj hj j jh jh jh j hj4",
    "level": 2,
    "name": "driver1",
    "path": Array [
      "Cecy's Towing Company",
      "Cecy's Group",
      "Manuel R Cero fgfg jhjh kjkj hjhj hjh jhjhj jh jh jhj j j hj jh jh j hj hj j jh jh jh j hj4",
    ],
  },
  Object {
    "display": <div
      className="hierarchyOption"
    >
      <span
        style={
          Object {
            "color": "grey",
          }
        }
      >
        Driver 2
      </span>
    </div>,
    "haveChildren": false,
    "hierarchy": Object {
      "0": undefined,
      "1": undefined,
      "2": undefined,
    },
    "label": "Driver 2",
    "level": 2,
    "name": "driver2",
    "path": Array [
      "Cecy's Towing Company",
      "Cecy's Group",
      "Driver 2",
    ],
  },
  Object {
    "display": <div
      className="hierarchyOption"
    >
      <span
        style={
          Object {
            "color": "grey",
          }
        }
      >
        Driver 3
      </span>
    </div>,
    "hasPcard": true,
    "haveChildren": false,
    "hierarchy": Object {
      "0": undefined,
      "1": undefined,
      "2": undefined,
    },
    "label": "Driver 3",
    "level": 2,
    "name": "driver2",
    "path": Array [
      "Cecy's Towing Company",
      "Cecy's Group",
      "Driver 3",
    ],
  },
  Object {
    "display": <div
      className="hierarchyOption"
    >
      <span
        style={
          Object {
            "color": "grey",
          }
        }
      >
        Cecy's Group2
      </span>
    </div>,
    "haveChildren": true,
    "hierarchy": Object {
      "0": undefined,
      "1": undefined,
    },
    "isDisabled": true,
    "label": "Cecy's Group2",
    "level": 1,
    "name": "group2",
    "options": Array [
      Object {
        "label": "Marc Jacobs",
        "level": 2,
        "name": "driver1",
      },
    ],
    "path": Array [
      "Cecy's Towing Company",
      "Cecy's Group2",
    ],
  },
  Object {
    "display": <div
      className="hierarchyOption"
    >
      <span
        style={
          Object {
            "color": "grey",
          }
        }
      >
        Marc Jacobs
      </span>
    </div>,
    "haveChildren": false,
    "hierarchy": Object {
      "0": undefined,
      "1": undefined,
      "2": undefined,
    },
    "label": "Marc Jacobs",
    "level": 2,
    "name": "driver1",
    "path": Array [
      "Cecy's Towing Company",
      "Cecy's Group2",
      "Marc Jacobs",
    ],
  },
  Object {
    "display": <div
      className="hierarchyOption"
    >
      <span
        style={
          Object {
            "color": "grey",
          }
        }
      >
        Haul O Way
      </span>
    </div>,
    "expiresOn": "04/15/2018",
    "haveChildren": true,
    "hierarchy": Object {
      "0": undefined,
    },
    "label": "Haul O Way",
    "level": 0,
    "name": "company2",
    "options": Array [
      Object {
        "label": "Haul O' Way",
        "level": 1,
        "name": "group1",
        "options": Array [
          Object {
            "label": "Jason",
            "level": 2,
            "name": "driver1",
          },
        ],
      },
      Object {
        "label": "Haul O' Way Group",
        "level": 1,
        "name": "group2",
        "options": Array [
          Object {
            "isDisabled": true,
            "label": "Anderson",
            "level": 2,
            "name": "driver2",
          },
        ],
      },
    ],
    "path": Array [
      "Haul O Way",
    ],
  },
  Object {
    "display": <div
      className="hierarchyOption"
    >
      <span
        style={
          Object {
            "color": "grey",
          }
        }
      >
        Haul O' Way
      </span>
    </div>,
    "haveChildren": true,
    "hierarchy": Object {
      "0": undefined,
      "1": undefined,
    },
    "label": "Haul O' Way",
    "level": 1,
    "name": "group1",
    "options": Array [
      Object {
        "label": "Jason",
        "level": 2,
        "name": "driver1",
      },
    ],
    "path": Array [
      "Haul O Way",
      "Haul O' Way",
    ],
  },
  Object {
    "display": <div
      className="hierarchyOption"
    >
      <span
        style={
          Object {
            "color": "grey",
          }
        }
      >
        Jason
      </span>
    </div>,
    "haveChildren": false,
    "hierarchy": Object {
      "0": undefined,
      "1": undefined,
      "2": undefined,
    },
    "label": "Jason",
    "level": 2,
    "name": "driver1",
    "path": Array [
      "Haul O Way",
      "Haul O' Way",
      "Jason",
    ],
  },
  Object {
    "display": <div
      className="hierarchyOption"
    >
      <span
        style={
          Object {
            "color": "grey",
          }
        }
      >
        Haul O' Way Group
      </span>
    </div>,
    "haveChildren": true,
    "hierarchy": Object {
      "0": undefined,
      "1": undefined,
    },
    "label": "Haul O' Way Group",
    "level": 1,
    "name": "group2",
    "options": Array [
      Object {
        "isDisabled": true,
        "label": "Anderson",
        "level": 2,
        "name": "driver2",
      },
    ],
    "path": Array [
      "Haul O Way",
      "Haul O' Way Group",
    ],
  },
  Object {
    "display": <div
      className="hierarchyOption"
    >
      <span
        style={
          Object {
            "color": "grey",
          }
        }
      >
        Anderson
      </span>
    </div>,
    "haveChildren": false,
    "hierarchy": Object {
      "0": undefined,
      "1": undefined,
      "2": undefined,
    },
    "isDisabled": true,
    "label": "Anderson",
    "level": 2,
    "name": "driver2",
    "path": Array [
      "Haul O Way",
      "Haul O' Way Group",
      "Anderson",
    ],
  },
  Object {
    "display": <div
      className="hierarchyOption"
    >
      <span
        style={
          Object {
            "color": "grey",
          }
        }
      >
        ABC Company
      </span>
    </div>,
    "expiresOn": "04/15/2018",
    "haveChildren": true,
    "hierarchy": Object {
      "0": undefined,
    },
    "label": "ABC Company",
    "level": 0,
    "name": "company3",
    "options": Array [
      Object {
        "label": "ABC Group",
        "level": 1,
        "name": "group1",
        "options": Array [
          Object {
            "label": "Jason",
            "level": 2,
            "name": "driver1",
          },
        ],
      },
    ],
    "path": Array [
      "ABC Company",
    ],
  },
  Object {
    "display": <div
      className="hierarchyOption"
    >
      <span
        style={
          Object {
            "color": "grey",
          }
        }
      >
        ABC Group
      </span>
    </div>,
    "haveChildren": true,
    "hierarchy": Object {
      "0": undefined,
      "1": undefined,
    },
    "label": "ABC Group",
    "level": 1,
    "name": "group1",
    "options": Array [
      Object {
        "label": "Jason",
        "level": 2,
        "name": "driver1",
      },
    ],
    "path": Array [
      "ABC Company",
      "ABC Group",
    ],
  },
  Object {
    "display": <div
      className="hierarchyOption"
    >
      <span
        style={
          Object {
            "color": "grey",
          }
        }
      >
        Jason
      </span>
    </div>,
    "haveChildren": false,
    "hierarchy": Object {
      "0": undefined,
      "1": undefined,
      "2": undefined,
    },
    "label": "Jason",
    "level": 2,
    "name": "driver1",
    "path": Array [
      "ABC Company",
      "ABC Group",
      "Jason",
    ],
  },
  Object {
    "display": <div
      className="hierarchyOption"
    >
      <span
        style={
          Object {
            "color": "grey",
          }
        }
      >
        XYZ Company
      </span>
    </div>,
    "expiresOn": "01/15/2018",
    "haveChildren": true,
    "hierarchy": Object {
      "0": undefined,
    },
    "label": "XYZ Company",
    "level": 0,
    "name": "company4",
    "options": Array [
      Object {
        "label": "XYZ Group",
        "level": 1,
        "name": "group1",
        "options": Array [
          Object {
            "label": "Jason",
            "level": 2,
            "name": "driver1",
          },
        ],
      },
    ],
    "path": Array [
      "XYZ Company",
    ],
  },
  Object {
    "display": <div
      className="hierarchyOption"
    >
      <span
        style={
          Object {
            "color": "grey",
          }
        }
      >
        XYZ Group
      </span>
    </div>,
    "haveChildren": true,
    "hierarchy": Object {
      "0": undefined,
      "1": undefined,
    },
    "label": "XYZ Group",
    "level": 1,
    "name": "group1",
    "options": Array [
      Object {
        "label": "Jason",
        "level": 2,
        "name": "driver1",
      },
    ],
    "path": Array [
      "XYZ Company",
      "XYZ Group",
    ],
  },
  Object {
    "display": <div
      className="hierarchyOption"
    >
      <span
        style={
          Object {
            "color": "grey",
          }
        }
      >
        Jason
      </span>
    </div>,
    "haveChildren": false,
    "hierarchy": Object {
      "0": undefined,
      "1": undefined,
      "2": undefined,
    },
    "label": "Jason",
    "level": 2,
    "name": "driver1",
    "path": Array [
      "XYZ Company",
      "XYZ Group",
      "Jason",
    ],
  },
]
`;
