// Jest Snapshot v1, https://goo.gl/fbAQLP

exports[`Handle Transformation handle empty options 1`] = `
Array [
  Object {
    "haveChildren": false,
    "label": "Asia",
    "name": "asia",
    "path": Array [
      "Asia",
    ],
  },
]
`;

exports[`Handle Transformation properly transform nested option 1`] = `
Array [
  Object {
    "haveChildren": true,
    "label": "Asia",
    "name": "asia",
    "path": Array [
      "Asia",
    ],
  },
  Object {
    "haveChildren": true,
    "label": "India",
    "name": "india",
    "path": Array [
      "Asia",
      "India",
    ],
  },
  Object {
    "haveChildren": false,
    "label": "Telangana",
    "name": "telangana",
    "path": Array [
      "Asia",
      "India",
      "Telangana",
    ],
  },
  Object {
    "haveChildren": true,
    "label": "China",
    "name": "china",
    "path": Array [
      "Asia",
      "China",
    ],
  },
  Object {
    "haveChildren": false,
    "label": "Beijing",
    "name": "beijing",
    "path": Array [
      "Asia",
      "China",
      "Beijing",
    ],
  },
  Object {
    "haveChildren": true,
    "label": "North America",
    "name": "northAmerica",
    "path": Array [
      "North America",
    ],
  },
  Object {
    "haveChildren": true,
    "label": "USA",
    "name": "usa",
    "path": Array [
      "North America",
      "USA",
    ],
  },
  Object {
    "haveChildren": false,
    "label": "Texas",
    "name": "texas",
    "path": Array [
      "North America",
      "USA",
      "Texas",
    ],
  },
  Object {
    "haveChildren": false,
    "label": "Arkansas",
    "name": "arkansas",
    "path": Array [
      "North America",
      "USA",
      "Arkansas",
    ],
  },
  Object {
    "haveChildren": true,
    "label": "Africa",
    "name": "africa",
    "path": Array [
      "Africa",
    ],
  },
  Object {
    "haveChildren": false,
    "label": "Egypt",
    "name": "egypt",
    "path": Array [
      "Africa",
      "Egypt",
    ],
  },
  Object {
    "haveChildren": false,
    "label": "Libya",
    "name": "libya",
    "path": Array [
      "Africa",
      "Libya",
    ],
  },
]
`;
